1. STR-А (Invalid string. Exiting!)

	Вы ввели пустую строку в поле ввода. 
	Перед нажатием кнопки шифрования/дешифрования проверьте строки на наличие данных!

2. FATAL error ocurred! --> (DCR-S)

	В строке присутствуют символы отличные от цифр. 
	Проверьте ключ и зашифрованную строку на наличие недопустимых символов(отличные от цифр)!

3. Error ocurred! --> (DCR-01)

	Шифратор, либо дешифратор не может произвести операцию шифрования/дешифрования. 
	Возможно, строка пустая, либо имеет символы отличные от цифр и/или символы неподдерживаемые кодировкой UTF-8.